Archive member included to satisfy reference by file (symbol)

c:/program files (x86)/atmel/studio/7.0/toolchain/avr8/avr8-gnu-toolchain/bin/../lib/gcc/avr/4.9.2/avr5\libgcc.a(_exit.o)
                              C:/Program Files (x86)/Atmel/Studio/7.0/Packs/atmel/ATmega_DFP/1.1.130/gcc/dev/atmega328p/avr5/crtatmega328p.o (exit)
c:/program files (x86)/atmel/studio/7.0/toolchain/avr8/avr8-gnu-toolchain/bin/../lib/gcc/avr/4.9.2/avr5\libgcc.a(_copy_data.o)
                              ATmega328P.o (__do_copy_data)
c:/program files (x86)/atmel/studio/7.0/toolchain/avr8/avr8-gnu-toolchain/bin/../lib/gcc/avr/4.9.2/avr5\libgcc.a(_clear_bss.o)
                              ATmega328P.o (__do_clear_bss)
c:/program files (x86)/atmel/studio/7.0/toolchain/avr8/avr8-gnu-toolchain/bin/../lib/gcc/avr/4.9.2/avr5\libgcc.a(_umulhisi3.o)
                              Essential.o (__umulhisi3)
c:/program files (x86)/atmel/studio/7.0/toolchain/avr8/avr8-gnu-toolchain/bin/../lib/gcc/avr/4.9.2/avr5\libgcc.a(_muluhisi3.o)
                              Essential.o (__muluhisi3)
c:/program files (x86)/atmel/studio/7.0/toolchain/avr8/avr8-gnu-toolchain/bin/../lib/gcc/avr/4.9.2/avr5\libgcc.a(_udivdi3.o)
                              Essential.o (__umoddi3)
c:/program files (x86)/atmel/studio/7.0/toolchain/avr8/avr8-gnu-toolchain/bin/../lib/gcc/avr/4.9.2/avr5\libgcc.a(_udivmod64.o)
                              c:/program files (x86)/atmel/studio/7.0/toolchain/avr8/avr8-gnu-toolchain/bin/../lib/gcc/avr/4.9.2/avr5\libgcc.a(_udivdi3.o) (__udivmod64)
c:/program files (x86)/atmel/studio/7.0/toolchain/avr8/avr8-gnu-toolchain/bin/../lib/gcc/avr/4.9.2/avr5\libgcc.a(_ashldi3.o)
                              NRF24L01.o (__ashldi3)
c:/program files (x86)/atmel/studio/7.0/toolchain/avr8/avr8-gnu-toolchain/bin/../lib/gcc/avr/4.9.2/avr5\libgcc.a(_ashrdi3.o)
                              Essential.o (__lshrdi3)
c:/program files (x86)/atmel/studio/7.0/toolchain/avr8/avr8-gnu-toolchain/bin/../lib/gcc/avr/4.9.2/avr5\libgcc.a(_adddi3_s8.o)
                              ATmega328P.o (__adddi3_s8)
c:/program files (x86)/atmel/studio/7.0/toolchain/avr8/avr8-gnu-toolchain/bin/../lib/gcc/avr/4.9.2/avr5\libgcc.a(_cmpdi2.o)
                              NRF24L01.o (__cmpdi2)
c:/program files (x86)/atmel/studio/7.0/toolchain/avr8/avr8-gnu-toolchain/bin/../lib/gcc/avr/4.9.2/avr5\libgcc.a(_cmpdi2_s8.o)
                              Essential.o (__cmpdi2_s8)

Discarded input sections

 .data          0x00000000        0x0 C:/Program Files (x86)/Atmel/Studio/7.0/Packs/atmel/ATmega_DFP/1.1.130/gcc/dev/atmega328p/avr5/crtatmega328p.o
 .bss           0x00000000        0x0 C:/Program Files (x86)/Atmel/Studio/7.0/Packs/atmel/ATmega_DFP/1.1.130/gcc/dev/atmega328p/avr5/crtatmega328p.o
 .text          0x00000000        0x0 ATmega328P.o
 .data          0x00000000        0x0 ATmega328P.o
 .bss           0x00000000        0x0 ATmega328P.o
 .text._Z15getReadyToSleepv
                0x00000000        0x8 ATmega328P.o
 .text._Z12sleepAllowedv
                0x00000000        0x6 ATmega328P.o
 .text._Z11Init_PWM_T0h
                0x00000000       0x14 ATmega328P.o
 .text._Z16stop_OC0A_OUTPUTv
                0x00000000        0x8 ATmega328P.o
 .text._Z17start_OC0A_OUTPUTv
                0x00000000        0x8 ATmega328P.o
 .text._Z16stop_OC0B_OUTPUTv
                0x00000000        0x8 ATmega328P.o
 .text._Z17start_OC0B_OUTPUTv
                0x00000000        0x8 ATmega328P.o
 .text._Z11Init_PWM_T1h
                0x00000000       0x14 ATmega328P.o
 .text._Z11Init_PWM_T2h
                0x00000000       0x18 ATmega328P.o
 .text._Z11Init_CTC_T2hh
                0x00000000       0x1a ATmega328P.o
 .text._Z9init_INT0h
                0x00000000       0x16 ATmega328P.o
 .text._Z9init_INT1h
                0x00000000       0x1a ATmega328P.o
 .text._Z21setPinChangeInterrupthhb
                0x00000000       0x6e ATmega328P.o
 .text._Z13USART_Receivev
                0x00000000       0x10 ATmega328P.o
 .text._Z12USART_Enableb
                0x00000000       0x18 ATmega328P.o
 .text._Z5printPKc
                0x00000000       0x1e ATmega328P.o
 .rodata.str1.1
                0x00000000       0x15 ATmega328P.o
 .text._Z18Init_CTC_T2_ExtOschh
                0x00000000       0x94 ATmega328P.o
 .text._Z9enableADCb
                0x00000000       0x1c ATmega328P.o
 .text._Z8ADC_Inithh
                0x00000000        0xa ATmega328P.o
 .text._Z19ADC_ChangeChannelToh
                0x00000000       0x14 ATmega328P.o
 .text._Z8ADC_Readv
                0x00000000       0x1e ATmega328P.o
 .text._Z15ADC_ReadChannelh
                0x00000000       0x2c ATmega328P.o
 .text._Z9ADC_Startv
                0x00000000        0xc ATmega328P.o
 .text._Z10ADC_Finishv
                0x00000000        0xc ATmega328P.o
 .text._Z6millisv
                0x00000000       0x22 ATmega328P.o
 .text._Z8I2C_Inithh
                0x00000000       0x12 ATmega328P.o
 .text._Z9enableI2Cb
                0x00000000       0x1c ATmega328P.o
 .text._Z9I2C_Errorh
                0x00000000       0x40 ATmega328P.o
 .text._Z9isI2CGoodv
                0x00000000        0x6 ATmega328P.o
 .text._Z12isI2CPoweredv
                0x00000000        0x6 ATmega328P.o
 .text._Z13powerCycleI2Cv
                0x00000000        0x6 ATmega328P.o
 .text._Z15initI2CCompleteb
                0x00000000        0x6 ATmega328P.o
 .text._Z16isI2CInitializedv
                0x00000000        0x6 ATmega328P.o
 .text._Z8I2C_Readhh
                0x00000000      0x232 ATmega328P.o
 .text._Z9I2C_Writehhh
                0x00000000      0x19a ATmega328P.o
 .text._Z16I2C_WriteCommandhh
                0x00000000       0xf6 ATmega328P.o
 .text._Z7WDT_offv
                0x00000000       0x16 ATmega328P.o
 .text._Z8WDT_Initv
                0x00000000       0x20 ATmega328P.o
 .text._Z20WDT_Prescaler_Changev
                0x00000000       0x1c ATmega328P.o
 .text._Z20setLEDIndicatorCountj
                0x00000000        0xa ATmega328P.o
 .text._Z16stopLEDIndicatorv
                0x00000000       0x1a ATmega328P.o
 .text._Z17startLEDIndicatorv
                0x00000000       0x16 ATmega328P.o
 .text._Z12setCountDownj
                0x00000000        0x2 ATmega328P.o
 .text._Z12getCountDownv
                0x00000000        0xa ATmega328P.o
 .text._Z12powerDownForh
                0x00000000       0x44 ATmega328P.o
 .text._Z7resetInh
                0x00000000       0x28 ATmega328P.o
 .bss.I2C_InitComplete
                0x00000000        0x1 ATmega328P.o
 .bss.I2CPower  0x00000000        0x1 ATmega328P.o
 .data.I2C_OK   0x00000000        0x1 ATmega328P.o
 .bss.I2C_FailCount
                0x00000000        0x2 ATmega328P.o
 .data.CountD   0x00000000        0x2 ATmega328P.o
 .bss.lcount    0x00000000        0x2 ATmega328P.o
 .text          0x00000000        0x0 Essential.o
 .data          0x00000000        0x0 Essential.o
 .bss           0x00000000        0x0 Essential.o
 .text._Z9charToHexPc
                0x00000000       0x26 Essential.o
 .text._Z17printSignedNumberi
                0x00000000       0x48 Essential.o
 .text._Z12printNumberAy
                0x00000000      0x138 Essential.o
 .text._Z20printNumberWithPointyh
                0x00000000      0x148 Essential.o
 .text._Z12hexToDecimalj
                0x00000000       0xc6 Essential.o
 .text._Z13printStringNLPc
                0x00000000       0x24 Essential.o
 .text._Z9printCharh
                0x00000000        0x6 Essential.o
 .bss.FlowCheckFlag
                0x00000000        0x1 Essential.o
 .text          0x00000000        0x0 NRF24L01.o
 .data          0x00000000        0x0 NRF24L01.o
 .bss           0x00000000        0x0 NRF24L01.o
 .text._ZN8NRF24L0111writeToFIFOEPVh
                0x00000000       0x44 NRF24L01.o
 .text._ZN8NRF24L0112readFIFObyteEv
                0x00000000       0x10 NRF24L01.o
 .text._ZN8NRF24L0113writeFIFObyteEh
                0x00000000       0x24 NRF24L01.o
 .rodata.str1.1
                0x00000000       0x67 NRF24L01.o
 .text._ZN8NRF24L019printInfoEv
                0x00000000       0x9e NRF24L01.o
 .text._ZN8NRF24L018isTXFullEv
                0x00000000        0xe NRF24L01.o
 .text._ZN8NRF24L019isTXEmptyEv
                0x00000000        0xe NRF24L01.o
 .text._ZN8NRF24L0111isTX_DS_SetEv
                0x00000000        0xe NRF24L01.o
 .text._ZN8NRF24L0110clearTX_DSEv
                0x00000000       0x34 NRF24L01.o
 .text._ZN8NRF24L0114readACKPayloadEPVh
                0x00000000       0x7c NRF24L01.o
 .text._ZN8NRF24L0115transmitPayloadEPVh
                0x00000000      0x2c8 NRF24L01.o
 .text._ZN8NRF24L0119fastTransferPayloadEh
                0x00000000       0x76 NRF24L01.o
 .text._ZN8NRF24L01C2Ehb
                0x00000000        0xc NRF24L01.o
 .text._ZN8NRF24L017flushTXEv
                0x00000000        0x8 NRF24L01.o
 .text._ZN8NRF24L0115writeACKPayloadEPVh
                0x00000000       0x86 NRF24L01.o
 .bss._ZZN8NRF24L0111writeToFIFOEPVhE1i
                0x00000000        0x1 NRF24L01.o
 .bss._ZZN8NRF24L0119fastTransferPayloadEhE6status
                0x00000000        0x1 NRF24L01.o
 .progmem.data._ZZN8NRF24L0115transmitPayloadEPVhE3__c_0
                0x00000000       0x37 NRF24L01.o
 .bss._ZZN8NRF24L0115transmitPayloadEPVhE7recount
                0x00000000        0x1 NRF24L01.o
 .bss._ZZN8NRF24L0115transmitPayloadEPVhE12packetInFIFO
                0x00000000        0x1 NRF24L01.o
 .progmem.data._ZZN8NRF24L0115transmitPayloadEPVhE3__c
                0x00000000       0x1d NRF24L01.o
 .bss._ZZN8NRF24L0115transmitPayloadEPVhE7fstatus
                0x00000000        0x1 NRF24L01.o
 .bss._ZZN8NRF24L0115transmitPayloadEPVhE6status
                0x00000000        0x1 NRF24L01.o
 .data._ZZN8NRF24L0115transmitPayloadEPVhE8linklost
                0x00000000        0x1 NRF24L01.o
 .bss._ZZN8NRF24L0115transmitPayloadEPVhE6dcount
                0x00000000        0x2 NRF24L01.o
 .bss._ZZN8NRF24L0115transmitPayloadEPVhE6pcount
                0x00000000        0x2 NRF24L01.o
 .bss._ZZN8NRF24L0115transmitPayloadEPVhE1t
                0x00000000        0x2 NRF24L01.o
 .bss._ZZN8NRF24L0115writeACKPayloadEPVhE1i
                0x00000000        0x1 NRF24L01.o
 .text          0x00000000        0x0 Switch.o
 .data          0x00000000        0x0 Switch.o
 .bss           0x00000000        0x0 Switch.o
 .text._ZN11SwitchClass11getSwitchIDEv
                0x00000000        0x6 Switch.o
 .text._ZN11SwitchClass11fallingEdgeEPFvhE
                0x00000000       0x10 Switch.o
 .text._ZN11SwitchClass10risingEdgeEPFvhE
                0x00000000       0x10 Switch.o
 .text._ZN11SwitchClass10shortPressEPFvhE
                0x00000000       0x14 Switch.o
 .text._ZN11SwitchClass9longPressEPFvhE
                0x00000000       0x14 Switch.o
 .text._ZN11SwitchClass19continuousLongPressEPFvhE
                0x00000000       0x14 Switch.o
 .text._ZN11SwitchClass11doublePressEPFvhE
                0x00000000       0x14 Switch.o
 .text._ZN11SwitchClass17detectDoublePressEv
                0x00000000        0x2 Switch.o
 .text._ZN11SwitchClass15pollAllSwitchesEv
                0x00000000        0x2 Switch.o
 .text._ZN11SwitchClass17enableSamePtrModeEb
                0x00000000       0x16 Switch.o
 .text._ZN11SwitchClass16initializeSwitchEhhPS_
                0x00000000       0xb0 Switch.o
 .text._ZN11SwitchClass15pinStateChangedEv
                0x00000000        0x6 Switch.o
 .bss._ZN11SwitchClass17AllFallingEdgePtrE
                0x00000000        0x2 Switch.o
 .bss._ZN11SwitchClass16AllRisingEdgePtrE
                0x00000000        0x2 Switch.o
 .bss._ZN11SwitchClass12AllDouble_ENE
                0x00000000        0x1 Switch.o
 .bss._ZN11SwitchClass13NotFirstSpawnE
                0x00000000        0x1 Switch.o
 .bss.Switch    0x00000000       0x2e Switch.o
 .text          0x00000000        0x0 Timer.o
 .data          0x00000000        0x0 Timer.o
 .bss           0x00000000        0x0 Timer.o
 .text._ZN10TimerClass6millisEv
                0x00000000       0x22 Timer.o
 .text._ZN10TimerClass10getTimerIDEv
                0x00000000        0x6 Timer.o
 .bss.Timer     0x00000000        0xe Timer.o
 .text          0x00000000        0x0 main.o
 .data          0x00000000        0x0 main.o
 .bss           0x00000000        0x0 main.o
 .bss.StateAll  0x00000000        0x1 main.o
 .text          0x00000000        0x0 c:/program files (x86)/atmel/studio/7.0/toolchain/avr8/avr8-gnu-toolchain/bin/../lib/gcc/avr/4.9.2/avr5\libgcc.a(_exit.o)
 .data          0x00000000        0x0 c:/program files (x86)/atmel/studio/7.0/toolchain/avr8/avr8-gnu-toolchain/bin/../lib/gcc/avr/4.9.2/avr5\libgcc.a(_exit.o)
 .bss           0x00000000        0x0 c:/program files (x86)/atmel/studio/7.0/toolchain/avr8/avr8-gnu-toolchain/bin/../lib/gcc/avr/4.9.2/avr5\libgcc.a(_exit.o)
 .text.libgcc.mul
                0x00000000        0x0 c:/program files (x86)/atmel/studio/7.0/toolchain/avr8/avr8-gnu-toolchain/bin/../lib/gcc/avr/4.9.2/avr5\libgcc.a(_exit.o)
 .text.libgcc.div
                0x00000000        0x0 c:/program files (x86)/atmel/studio/7.0/toolchain/avr8/avr8-gnu-toolchain/bin/../lib/gcc/avr/4.9.2/avr5\libgcc.a(_exit.o)
 .text.libgcc   0x00000000        0x0 c:/program files (x86)/atmel/studio/7.0/toolchain/avr8/avr8-gnu-toolchain/bin/../lib/gcc/avr/4.9.2/avr5\libgcc.a(_exit.o)
 .text.libgcc.prologue
                0x00000000        0x0 c:/program files (x86)/atmel/studio/7.0/toolchain/avr8/avr8-gnu-toolchain/bin/../lib/gcc/avr/4.9.2/avr5\libgcc.a(_exit.o)
 .text.libgcc.builtins
                0x00000000        0x0 c:/program files (x86)/atmel/studio/7.0/toolchain/avr8/avr8-gnu-toolchain/bin/../lib/gcc/avr/4.9.2/avr5\libgcc.a(_exit.o)
 .text.libgcc.fmul
                0x00000000        0x0 c:/program files (x86)/atmel/studio/7.0/toolchain/avr8/avr8-gnu-toolchain/bin/../lib/gcc/avr/4.9.2/avr5\libgcc.a(_exit.o)
 .text.libgcc.fixed
                0x00000000        0x0 c:/program files (x86)/atmel/studio/7.0/toolchain/avr8/avr8-gnu-toolchain/bin/../lib/gcc/avr/4.9.2/avr5\libgcc.a(_exit.o)
 .text          0x00000000        0x0 c:/program files (x86)/atmel/studio/7.0/toolchain/avr8/avr8-gnu-toolchain/bin/../lib/gcc/avr/4.9.2/avr5\libgcc.a(_copy_data.o)
 .data          0x00000000        0x0 c:/program files (x86)/atmel/studio/7.0/toolchain/avr8/avr8-gnu-toolchain/bin/../lib/gcc/avr/4.9.2/avr5\libgcc.a(_copy_data.o)
 .bss           0x00000000        0x0 c:/program files (x86)/atmel/studio/7.0/toolchain/avr8/avr8-gnu-toolchain/bin/../lib/gcc/avr/4.9.2/avr5\libgcc.a(_copy_data.o)
 .text.libgcc.mul
                0x00000000        0x0 c:/program files (x86)/atmel/studio/7.0/toolchain/avr8/avr8-gnu-toolchain/bin/../lib/gcc/avr/4.9.2/avr5\libgcc.a(_copy_data.o)
 .text.libgcc.div
                0x00000000        0x0 c:/program files (x86)/atmel/studio/7.0/toolchain/avr8/avr8-gnu-toolchain/bin/../lib/gcc/avr/4.9.2/avr5\libgcc.a(_copy_data.o)
 .text.libgcc   0x00000000        0x0 c:/program files (x86)/atmel/studio/7.0/toolchain/avr8/avr8-gnu-toolchain/bin/../lib/gcc/avr/4.9.2/avr5\libgcc.a(_copy_data.o)
 .text.libgcc.prologue
                0x00000000        0x0 c:/program files (x86)/atmel/studio/7.0/toolchain/avr8/avr8-gnu-toolchain/bin/../lib/gcc/avr/4.9.2/avr5\libgcc.a(_copy_data.o)
 .text.libgcc.builtins
                0x00000000        0x0 c:/program files (x86)/atmel/studio/7.0/toolchain/avr8/avr8-gnu-toolchain/bin/../lib/gcc/avr/4.9.2/avr5\libgcc.a(_copy_data.o)
 .text.libgcc.fmul
                0x00000000        0x0 c:/program files (x86)/atmel/studio/7.0/toolchain/avr8/avr8-gnu-toolchain/bin/../lib/gcc/avr/4.9.2/avr5\libgcc.a(_copy_data.o)
 .text.libgcc.fixed
                0x00000000        0x0 c:/program files (x86)/atmel/studio/7.0/toolchain/avr8/avr8-gnu-toolchain/bin/../lib/gcc/avr/4.9.2/avr5\libgcc.a(_copy_data.o)
 .text          0x00000000        0x0 c:/program files (x86)/atmel/studio/7.0/toolchain/avr8/avr8-gnu-toolchain/bin/../lib/gcc/avr/4.9.2/avr5\libgcc.a(_clear_bss.o)
 .data          0x00000000        0x0 c:/program files (x86)/atmel/studio/7.0/toolchain/avr8/avr8-gnu-toolchain/bin/../lib/gcc/avr/4.9.2/avr5\libgcc.a(_clear_bss.o)
 .bss           0x00000000        0x0 c:/program files (x86)/atmel/studio/7.0/toolchain/avr8/avr8-gnu-toolchain/bin/../lib/gcc/avr/4.9.2/avr5\libgcc.a(_clear_bss.o)
 .text.libgcc.mul
                0x00000000        0x0 c:/program files (x86)/atmel/studio/7.0/toolchain/avr8/avr8-gnu-toolchain/bin/../lib/gcc/avr/4.9.2/avr5\libgcc.a(_clear_bss.o)
 .text.libgcc.div
                0x00000000        0x0 c:/program files (x86)/atmel/studio/7.0/toolchain/avr8/avr8-gnu-toolchain/bin/../lib/gcc/avr/4.9.2/avr5\libgcc.a(_clear_bss.o)
 .text.libgcc   0x00000000        0x0 c:/program files (x86)/atmel/studio/7.0/toolchain/avr8/avr8-gnu-toolchain/bin/../lib/gcc/avr/4.9.2/avr5\libgcc.a(_clear_bss.o)
 .text.libgcc.prologue
                0x00000000        0x0 c:/program files (x86)/atmel/studio/7.0/toolchain/avr8/avr8-gnu-toolchain/bin/../lib/gcc/avr/4.9.2/avr5\libgcc.a(_clear_bss.o)
 .text.libgcc.builtins
                0x00000000        0x0 c:/program files (x86)/atmel/studio/7.0/toolchain/avr8/avr8-gnu-toolchain/bin/../lib/gcc/avr/4.9.2/avr5\libgcc.a(_clear_bss.o)
 .text.libgcc.fmul
                0x00000000        0x0 c:/program files (x86)/atmel/studio/7.0/toolchain/avr8/avr8-gnu-toolchain/bin/../lib/gcc/avr/4.9.2/avr5\libgcc.a(_clear_bss.o)
 .text.libgcc.fixed
                0x00000000        0x0 c:/program files (x86)/atmel/studio/7.0/toolchain/avr8/avr8-gnu-toolchain/bin/../lib/gcc/avr/4.9.2/avr5\libgcc.a(_clear_bss.o)
 .text          0x00000000        0x0 c:/program files (x86)/atmel/studio/7.0/toolchain/avr8/avr8-gnu-toolchain/bin/../lib/gcc/avr/4.9.2/avr5\libgcc.a(_umulhisi3.o)
 .data          0x00000000        0x0 c:/program files (x86)/atmel/studio/7.0/toolchain/avr8/avr8-gnu-toolchain/bin/../lib/gcc/avr/4.9.2/avr5\libgcc.a(_umulhisi3.o)
 .bss           0x00000000        0x0 c:/program files (x86)/atmel/studio/7.0/toolchain/avr8/avr8-gnu-toolchain/bin/../lib/gcc/avr/4.9.2/avr5\libgcc.a(_umulhisi3.o)
 .text.libgcc.mul
                0x00000000       0x1e c:/program files (x86)/atmel/studio/7.0/toolchain/avr8/avr8-gnu-toolchain/bin/../lib/gcc/avr/4.9.2/avr5\libgcc.a(_umulhisi3.o)
 .text.libgcc.div
                0x00000000        0x0 c:/program files (x86)/atmel/studio/7.0/toolchain/avr8/avr8-gnu-toolchain/bin/../lib/gcc/avr/4.9.2/avr5\libgcc.a(_umulhisi3.o)
 .text.libgcc   0x00000000        0x0 c:/program files (x86)/atmel/studio/7.0/toolchain/avr8/avr8-gnu-toolchain/bin/../lib/gcc/avr/4.9.2/avr5\libgcc.a(_umulhisi3.o)
 .text.libgcc.prologue
                0x00000000        0x0 c:/program files (x86)/atmel/studio/7.0/toolchain/avr8/avr8-gnu-toolchain/bin/../lib/gcc/avr/4.9.2/avr5\libgcc.a(_umulhisi3.o)
 .text.libgcc.builtins
                0x00000000        0x0 c:/program files (x86)/atmel/studio/7.0/toolchain/avr8/avr8-gnu-toolchain/bin/../lib/gcc/avr/4.9.2/avr5\libgcc.a(_umulhisi3.o)
 .text.libgcc.fmul
                0x00000000        0x0 c:/program files (x86)/atmel/studio/7.0/toolchain/avr8/avr8-gnu-toolchain/bin/../lib/gcc/avr/4.9.2/avr5\libgcc.a(_umulhisi3.o)
 .text.libgcc.fixed
                0x00000000        0x0 c:/program files (x86)/atmel/studio/7.0/toolchain/avr8/avr8-gnu-toolchain/bin/../lib/gcc/avr/4.9.2/avr5\libgcc.a(_umulhisi3.o)
 .text          0x00000000        0x0 c:/program files (x86)/atmel/studio/7.0/toolchain/avr8/avr8-gnu-toolchain/bin/../lib/gcc/avr/4.9.2/avr5\libgcc.a(_muluhisi3.o)
 .data          0x00000000        0x0 c:/program files (x86)/atmel/studio/7.0/toolchain/avr8/avr8-gnu-toolchain/bin/../lib/gcc/avr/4.9.2/avr5\libgcc.a(_muluhisi3.o)
 .bss           0x00000000        0x0 c:/program files (x86)/atmel/studio/7.0/toolchain/avr8/avr8-gnu-toolchain/bin/../lib/gcc/avr/4.9.2/avr5\libgcc.a(_muluhisi3.o)
 .text.libgcc.mul
                0x00000000       0x16 c:/program files (x86)/atmel/studio/7.0/toolchain/avr8/avr8-gnu-toolchain/bin/../lib/gcc/avr/4.9.2/avr5\libgcc.a(_muluhisi3.o)
 .text.libgcc.div
                0x00000000        0x0 c:/program files (x86)/atmel/studio/7.0/toolchain/avr8/avr8-gnu-toolchain/bin/../lib/gcc/avr/4.9.2/avr5\libgcc.a(_muluhisi3.o)
 .text.libgcc   0x00000000        0x0 c:/program files (x86)/atmel/studio/7.0/toolchain/avr8/avr8-gnu-toolchain/bin/../lib/gcc/avr/4.9.2/avr5\libgcc.a(_muluhisi3.o)
 .text.libgcc.prologue
                0x00000000        0x0 c:/program files (x86)/atmel/studio/7.0/toolchain/avr8/avr8-gnu-toolchain/bin/../lib/gcc/avr/4.9.2/avr5\libgcc.a(_muluhisi3.o)
 .text.libgcc.builtins
                0x00000000        0x0 c:/program files (x86)/atmel/studio/7.0/toolchain/avr8/avr8-gnu-toolchain/bin/../lib/gcc/avr/4.9.2/avr5\libgcc.a(_muluhisi3.o)
 .text.libgcc.fmul
                0x00000000        0x0 c:/program files (x86)/atmel/studio/7.0/toolchain/avr8/avr8-gnu-toolchain/bin/../lib/gcc/avr/4.9.2/avr5\libgcc.a(_muluhisi3.o)
 .text.libgcc.fixed
                0x00000000        0x0 c:/program files (x86)/atmel/studio/7.0/toolchain/avr8/avr8-gnu-toolchain/bin/../lib/gcc/avr/4.9.2/avr5\libgcc.a(_muluhisi3.o)
 .text          0x00000000        0x0 c:/program files (x86)/atmel/studio/7.0/toolchain/avr8/avr8-gnu-toolchain/bin/../lib/gcc/avr/4.9.2/avr5\libgcc.a(_udivdi3.o)
 .data          0x00000000        0x0 c:/program files (x86)/atmel/studio/7.0/toolchain/avr8/avr8-gnu-toolchain/bin/../lib/gcc/avr/4.9.2/avr5\libgcc.a(_udivdi3.o)
 .bss           0x00000000        0x0 c:/program files (x86)/atmel/studio/7.0/toolchain/avr8/avr8-gnu-toolchain/bin/../lib/gcc/avr/4.9.2/avr5\libgcc.a(_udivdi3.o)
 .text.libgcc.mul
                0x00000000        0x0 c:/program files (x86)/atmel/studio/7.0/toolchain/avr8/avr8-gnu-toolchain/bin/../lib/gcc/avr/4.9.2/avr5\libgcc.a(_udivdi3.o)
 .text.libgcc   0x00000000        0x0 c:/program files (x86)/atmel/studio/7.0/toolchain/avr8/avr8-gnu-toolchain/bin/../lib/gcc/avr/4.9.2/avr5\libgcc.a(_udivdi3.o)
 .text.libgcc.prologue
                0x00000000        0x0 c:/program files (x86)/atmel/studio/7.0/toolchain/avr8/avr8-gnu-toolchain/bin/../lib/gcc/avr/4.9.2/avr5\libgcc.a(_udivdi3.o)
 .text.libgcc.builtins
                0x00000000        0x0 c:/program files (x86)/atmel/studio/7.0/toolchain/avr8/avr8-gnu-toolchain/bin/../lib/gcc/avr/4.9.2/avr5\libgcc.a(_udivdi3.o)
 .text.libgcc.fmul
                0x00000000        0x0 c:/program files (x86)/atmel/studio/7.0/toolchain/avr8/avr8-gnu-toolchain/bin/../lib/gcc/avr/4.9.2/avr5\libgcc.a(_udivdi3.o)
 .text.libgcc.fixed
                0x00000000        0x0 c:/program files (x86)/atmel/studio/7.0/toolchain/avr8/avr8-gnu-toolchain/bin/../lib/gcc/avr/4.9.2/avr5\libgcc.a(_udivdi3.o)
 .text          0x00000000        0x0 c:/program files (x86)/atmel/studio/7.0/toolchain/avr8/avr8-gnu-toolchain/bin/../lib/gcc/avr/4.9.2/avr5\libgcc.a(_udivmod64.o)
 .data          0x00000000        0x0 c:/program files (x86)/atmel/studio/7.0/toolchain/avr8/avr8-gnu-toolchain/bin/../lib/gcc/avr/4.9.2/avr5\libgcc.a(_udivmod64.o)
 .bss           0x00000000        0x0 c:/program files (x86)/atmel/studio/7.0/toolchain/avr8/avr8-gnu-toolchain/bin/../lib/gcc/avr/4.9.2/avr5\libgcc.a(_udivmod64.o)
 .text.libgcc.mul
                0x00000000        0x0 c:/program files (x86)/atmel/studio/7.0/toolchain/avr8/avr8-gnu-toolchain/bin/../lib/gcc/avr/4.9.2/avr5\libgcc.a(_udivmod64.o)
 .text.libgcc   0x00000000        0x0 c:/program files (x86)/atmel/studio/7.0/toolchain/avr8/avr8-gnu-toolchain/bin/../lib/gcc/avr/4.9.2/avr5\libgcc.a(_udivmod64.o)
 .text.libgcc.prologue
                0x00000000        0x0 c:/program files (x86)/atmel/studio/7.0/toolchain/avr8/avr8-gnu-toolchain/bin/../lib/gcc/avr/4.9.2/avr5\libgcc.a(_udivmod64.o)
 .text.libgcc.builtins
                0x00000000        0x0 c:/program files (x86)/atmel/studio/7.0/toolchain/avr8/avr8-gnu-toolchain/bin/../lib/gcc/avr/4.9.2/avr5\libgcc.a(_udivmod64.o)
 .text.libgcc.fmul
                0x00000000        0x0 c:/program files (x86)/atmel/studio/7.0/toolchain/avr8/avr8-gnu-toolchain/bin/../lib/gcc/avr/4.9.2/avr5\libgcc.a(_udivmod64.o)
 .text.libgcc.fixed
                0x00000000        0x0 c:/program files (x86)/atmel/studio/7.0/toolchain/avr8/avr8-gnu-toolchain/bin/../lib/gcc/avr/4.9.2/avr5\libgcc.a(_udivmod64.o)
 .text          0x00000000        0x0 c:/program files (x86)/atmel/studio/7.0/toolchain/avr8/avr8-gnu-toolchain/bin/../lib/gcc/avr/4.9.2/avr5\libgcc.a(_ashldi3.o)
 .data          0x00000000        0x0 c:/program files (x86)/atmel/studio/7.0/toolchain/avr8/avr8-gnu-toolchain/bin/../lib/gcc/avr/4.9.2/avr5\libgcc.a(_ashldi3.o)
 .bss           0x00000000        0x0 c:/program files (x86)/atmel/studio/7.0/toolchain/avr8/avr8-gnu-toolchain/bin/../lib/gcc/avr/4.9.2/avr5\libgcc.a(_ashldi3.o)
 .text.libgcc.mul
                0x00000000        0x0 c:/program files (x86)/atmel/studio/7.0/toolchain/avr8/avr8-gnu-toolchain/bin/../lib/gcc/avr/4.9.2/avr5\libgcc.a(_ashldi3.o)
 .text.libgcc.div
                0x00000000        0x0 c:/program files (x86)/atmel/studio/7.0/toolchain/avr8/avr8-gnu-toolchain/bin/../lib/gcc/avr/4.9.2/avr5\libgcc.a(_ashldi3.o)
 .text.libgcc   0x00000000        0x0 c:/program files (x86)/atmel/studio/7.0/toolchain/avr8/avr8-gnu-toolchain/bin/../lib/gcc/avr/4.9.2/avr5\libgcc.a(_ashldi3.o)
 .text.libgcc.prologue
                0x00000000        0x0 c:/program files (x86)/atmel/studio/7.0/toolchain/avr8/avr8-gnu-toolchain/bin/../lib/gcc/avr/4.9.2/avr5\libgcc.a(_ashldi3.o)
 .text.libgcc.fmul
                0x00000000        0x0 c:/program files (x86)/atmel/studio/7.0/toolchain/avr8/avr8-gnu-toolchain/bin/../lib/gcc/avr/4.9.2/avr5\libgcc.a(_ashldi3.o)
 .text.libgcc.fixed
                0x00000000        0x0 c:/program files (x86)/atmel/studio/7.0/toolchain/avr8/avr8-gnu-toolchain/bin/../lib/gcc/avr/4.9.2/avr5\libgcc.a(_ashldi3.o)
 .text          0x00000000        0x0 c:/program files (x86)/atmel/studio/7.0/toolchain/avr8/avr8-gnu-toolchain/bin/../lib/gcc/avr/4.9.2/avr5\libgcc.a(_ashrdi3.o)
 .data          0x00000000        0x0 c:/program files (x86)/atmel/studio/7.0/toolchain/avr8/avr8-gnu-toolchain/bin/../lib/gcc/avr/4.9.2/avr5\libgcc.a(_ashrdi3.o)
 .bss           0x00000000        0x0 c:/program files (x86)/atmel/studio/7.0/toolchain/avr8/avr8-gnu-toolchain/bin/../lib/gcc/avr/4.9.2/avr5\libgcc.a(_ashrdi3.o)
 .text.libgcc.mul
                0x00000000        0x0 c:/program files (x86)/atmel/studio/7.0/toolchain/avr8/avr8-gnu-toolchain/bin/../lib/gcc/avr/4.9.2/avr5\libgcc.a(_ashrdi3.o)
 .text.libgcc.div
                0x00000000        0x0 c:/program files (x86)/atmel/studio/7.0/toolchain/avr8/avr8-gnu-toolchain/bin/../lib/gcc/avr/4.9.2/avr5\libgcc.a(_ashrdi3.o)
 .text.libgcc   0x00000000        0x0 c:/program files (x86)/atmel/studio/7.0/toolchain/avr8/avr8-gnu-toolchain/bin/../lib/gcc/avr/4.9.2/avr5\libgcc.a(_ashrdi3.o)
 .text.libgcc.prologue
                0x00000000        0x0 c:/program files (x86)/atmel/studio/7.0/toolchain/avr8/avr8-gnu-toolchain/bin/../lib/gcc/avr/4.9.2/avr5\libgcc.a(_ashrdi3.o)
 .text.libgcc.fmul
                0x00000000        0x0 c:/program files (x86)/atmel/studio/7.0/toolchain/avr8/avr8-gnu-toolchain/bin/../lib/gcc/avr/4.9.2/avr5\libgcc.a(_ashrdi3.o)
 .text.libgcc.fixed
                0x00000000        0x0 c:/program files (x86)/atmel/studio/7.0/toolchain/avr8/avr8-gnu-toolchain/bin/../lib/gcc/avr/4.9.2/avr5\libgcc.a(_ashrdi3.o)
 .text          0x00000000        0x0 c:/program files (x86)/atmel/studio/7.0/toolchain/avr8/avr8-gnu-toolchain/bin/../lib/gcc/avr/4.9.2/avr5\libgcc.a(_adddi3_s8.o)
 .data          0x00000000        0x0 c:/program files (x86)/atmel/studio/7.0/toolchain/avr8/avr8-gnu-toolchain/bin/../lib/gcc/avr/4.9.2/avr5\libgcc.a(_adddi3_s8.o)
 .bss           0x00000000        0x0 c:/program files (x86)/atmel/studio/7.0/toolchain/avr8/avr8-gnu-toolchain/bin/../lib/gcc/avr/4.9.2/avr5\libgcc.a(_adddi3_s8.o)
 .text.libgcc.mul
                0x00000000        0x0 c:/program files (x86)/atmel/studio/7.0/toolchain/avr8/avr8-gnu-toolchain/bin/../lib/gcc/avr/4.9.2/avr5\libgcc.a(_adddi3_s8.o)
 .text.libgcc.div
                0x00000000        0x0 c:/program files (x86)/atmel/studio/7.0/toolchain/avr8/avr8-gnu-toolchain/bin/../lib/gcc/avr/4.9.2/avr5\libgcc.a(_adddi3_s8.o)
 .text.libgcc.prologue
                0x00000000        0x0 c:/program files (x86)/atmel/studio/7.0/toolchain/avr8/avr8-gnu-toolchain/bin/../lib/gcc/avr/4.9.2/avr5\libgcc.a(_adddi3_s8.o)
 .text.libgcc.builtins
                0x00000000        0x0 c:/program files (x86)/atmel/studio/7.0/toolchain/avr8/avr8-gnu-toolchain/bin/../lib/gcc/avr/4.9.2/avr5\libgcc.a(_adddi3_s8.o)
 .text.libgcc.fmul
                0x00000000        0x0 c:/program files (x86)/atmel/studio/7.0/toolchain/avr8/avr8-gnu-toolchain/bin/../lib/gcc/avr/4.9.2/avr5\libgcc.a(_adddi3_s8.o)
 .text.libgcc.fixed
                0x00000000        0x0 c:/program files (x86)/atmel/studio/7.0/toolchain/avr8/avr8-gnu-toolchain/bin/../lib/gcc/avr/4.9.2/avr5\libgcc.a(_adddi3_s8.o)
 .text          0x00000000        0x0 c:/program files (x86)/atmel/studio/7.0/toolchain/avr8/avr8-gnu-toolchain/bin/../lib/gcc/avr/4.9.2/avr5\libgcc.a(_cmpdi2.o)
 .data          0x00000000        0x0 c:/program files (x86)/atmel/studio/7.0/toolchain/avr8/avr8-gnu-toolchain/bin/../lib/gcc/avr/4.9.2/avr5\libgcc.a(_cmpdi2.o)
 .bss           0x00000000        0x0 c:/program files (x86)/atmel/studio/7.0/toolchain/avr8/avr8-gnu-toolchain/bin/../lib/gcc/avr/4.9.2/avr5\libgcc.a(_cmpdi2.o)
 .text.libgcc.mul
                0x00000000        0x0 c:/program files (x86)/atmel/studio/7.0/toolchain/avr8/avr8-gnu-toolchain/bin/../lib/gcc/avr/4.9.2/avr5\libgcc.a(_cmpdi2.o)
 .text.libgcc.div
                0x00000000        0x0 c:/program files (x86)/atmel/studio/7.0/toolchain/avr8/avr8-gnu-toolchain/bin/../lib/gcc/avr/4.9.2/avr5\libgcc.a(_cmpdi2.o)
 .text.libgcc.prologue
                0x00000000        0x0 c:/program files (x86)/atmel/studio/7.0/toolchain/avr8/avr8-gnu-toolchain/bin/../lib/gcc/avr/4.9.2/avr5\libgcc.a(_cmpdi2.o)
 .text.libgcc.builtins
                0x00000000        0x0 c:/program files (x86)/atmel/studio/7.0/toolchain/avr8/avr8-gnu-toolchain/bin/../lib/gcc/avr/4.9.2/avr5\libgcc.a(_cmpdi2.o)
 .text.libgcc.fmul
                0x00000000        0x0 c:/program files (x86)/atmel/studio/7.0/toolchain/avr8/avr8-gnu-toolchain/bin/../lib/gcc/avr/4.9.2/avr5\libgcc.a(_cmpdi2.o)
 .text.libgcc.fixed
                0x00000000        0x0 c:/program files (x86)/atmel/studio/7.0/toolchain/avr8/avr8-gnu-toolchain/bin/../lib/gcc/avr/4.9.2/avr5\libgcc.a(_cmpdi2.o)
 .text          0x00000000        0x0 c:/program files (x86)/atmel/studio/7.0/toolchain/avr8/avr8-gnu-toolchain/bin/../lib/gcc/avr/4.9.2/avr5\libgcc.a(_cmpdi2_s8.o)
 .data          0x00000000        0x0 c:/program files (x86)/atmel/studio/7.0/toolchain/avr8/avr8-gnu-toolchain/bin/../lib/gcc/avr/4.9.2/avr5\libgcc.a(_cmpdi2_s8.o)
 .bss           0x00000000        0x0 c:/program files (x86)/atmel/studio/7.0/toolchain/avr8/avr8-gnu-toolchain/bin/../lib/gcc/avr/4.9.2/avr5\libgcc.a(_cmpdi2_s8.o)
 .text.libgcc.mul
                0x00000000        0x0 c:/program files (x86)/atmel/studio/7.0/toolchain/avr8/avr8-gnu-toolchain/bin/../lib/gcc/avr/4.9.2/avr5\libgcc.a(_cmpdi2_s8.o)
 .text.libgcc.div
                0x00000000        0x0 c:/program files (x86)/atmel/studio/7.0/toolchain/avr8/avr8-gnu-toolchain/bin/../lib/gcc/avr/4.9.2/avr5\libgcc.a(_cmpdi2_s8.o)
 .text.libgcc.prologue
                0x00000000        0x0 c:/program files (x86)/atmel/studio/7.0/toolchain/avr8/avr8-gnu-toolchain/bin/../lib/gcc/avr/4.9.2/avr5\libgcc.a(_cmpdi2_s8.o)
 .text.libgcc.builtins
                0x00000000        0x0 c:/program files (x86)/atmel/studio/7.0/toolchain/avr8/avr8-gnu-toolchain/bin/../lib/gcc/avr/4.9.2/avr5\libgcc.a(_cmpdi2_s8.o)
 .text.libgcc.fmul
                0x00000000        0x0 c:/program files (x86)/atmel/studio/7.0/toolchain/avr8/avr8-gnu-toolchain/bin/../lib/gcc/avr/4.9.2/avr5\libgcc.a(_cmpdi2_s8.o)
 .text.libgcc.fixed
                0x00000000        0x0 c:/program files (x86)/atmel/studio/7.0/toolchain/avr8/avr8-gnu-toolchain/bin/../lib/gcc/avr/4.9.2/avr5\libgcc.a(_cmpdi2_s8.o)

Memory Configuration

Name             Origin             Length             Attributes
text             0x00000000         0x00020000         xr
data             0x00800060         0x0000ffa0         rw !x
eeprom           0x00810000         0x00010000         rw !x
fuse             0x00820000         0x00000003         rw !x
lock             0x00830000         0x00000400         rw !x
signature        0x00840000         0x00000400         rw !x
user_signatures  0x00850000         0x00000400         rw !x
*default*        0x00000000         0xffffffff

Linker script and memory map

Address of section .data set to 0x800100
LOAD C:/Program Files (x86)/Atmel/Studio/7.0/Packs/atmel/ATmega_DFP/1.1.130/gcc/dev/atmega328p/avr5/crtatmega328p.o
LOAD ATmega328P.o
LOAD Essential.o
LOAD NRF24L01.o
LOAD Switch.o
LOAD Timer.o
LOAD main.o
START GROUP
LOAD c:/program files (x86)/atmel/studio/7.0/toolchain/avr8/avr8-gnu-toolchain/bin/../lib/gcc/avr/4.9.2/../../../../avr/lib/avr5\libm.a
END GROUP
LOAD c:/program files (x86)/atmel/studio/7.0/toolchain/avr8/avr8-gnu-toolchain/bin/../lib/gcc/avr/4.9.2/avr5\libgcc.a
LOAD c:/program files (x86)/atmel/studio/7.0/toolchain/avr8/avr8-gnu-toolchain/bin/../lib/gcc/avr/4.9.2/../../../../avr/lib/avr5\libm.a
START GROUP
LOAD c:/program files (x86)/atmel/studio/7.0/toolchain/avr8/avr8-gnu-toolchain/bin/../lib/gcc/avr/4.9.2/avr5\libgcc.a
LOAD c:/program files (x86)/atmel/studio/7.0/toolchain/avr8/avr8-gnu-toolchain/bin/../lib/gcc/avr/4.9.2/../../../../avr/lib/avr5\libm.a
LOAD c:/program files (x86)/atmel/studio/7.0/toolchain/avr8/avr8-gnu-toolchain/bin/../lib/gcc/avr/4.9.2/../../../../avr/lib/avr5\libc.a
LOAD C:/Program Files (x86)/Atmel/Studio/7.0/Packs/atmel/ATmega_DFP/1.1.130/gcc/dev/atmega328p/avr5\libatmega328p.a
END GROUP
                0x00020000                __TEXT_REGION_LENGTH__ = DEFINED (__TEXT_REGION_LENGTH__)?__TEXT_REGION_LENGTH__:0x20000
                0x0000ffa0                __DATA_REGION_LENGTH__ = DEFINED (__DATA_REGION_LENGTH__)?__DATA_REGION_LENGTH__:0xffa0
                0x00010000                __EEPROM_REGION_LENGTH__ = DEFINED (__EEPROM_REGION_LENGTH__)?__EEPROM_REGION_LENGTH__:0x10000
                [0x00000003]                __FUSE_REGION_LENGTH__ = DEFINED (__FUSE_REGION_LENGTH__)?__FUSE_REGION_LENGTH__:0x400
                0x00000400                __LOCK_REGION_LENGTH__ = DEFINED (__LOCK_REGION_LENGTH__)?__LOCK_REGION_LENGTH__:0x400
                0x00000400                __SIGNATURE_REGION_LENGTH__ = DEFINED (__SIGNATURE_REGION_LENGTH__)?__SIGNATURE_REGION_LENGTH__:0x400
                0x00000400                __USER_SIGNATURE_REGION_LENGTH__ = DEFINED (__USER_SIGNATURE_REGION_LENGTH__)?__USER_SIGNATURE_REGION_LENGTH__:0x400

.hash
 *(.hash)

.dynsym
 *(.dynsym)

.dynstr
 *(.dynstr)

.gnu.version
 *(.gnu.version)

.gnu.version_d
 *(.gnu.version_d)

.gnu.version_r
 *(.gnu.version_r)

.rel.init
 *(.rel.init)

.rela.init
 *(.rela.init)

.rel.text
 *(.rel.text)
 *(.rel.text.*)
 *(.rel.gnu.linkonce.t*)

.rela.text
 *(.rela.text)
 *(.rela.text.*)
 *(.rela.gnu.linkonce.t*)

.rel.fini
 *(.rel.fini)

.rela.fini
 *(.rela.fini)

.rel.rodata
 *(.rel.rodata)
 *(.rel.rodata.*)
 *(.rel.gnu.linkonce.r*)

.rela.rodata
 *(.rela.rodata)
 *(.rela.rodata.*)
 *(.rela.gnu.linkonce.r*)

.rel.data
 *(.rel.data)
 *(.rel.data.*)
 *(.rel.gnu.linkonce.d*)

.rela.data
 *(.rela.data)
 *(.rela.data.*)
 *(.rela.gnu.linkonce.d*)

.rel.ctors
 *(.rel.ctors)

.rela.ctors
 *(.rela.ctors)

.rel.dtors
 *(.rel.dtors)

.rela.dtors
 *(.rela.dtors)

.rel.got
 *(.rel.got)

.rela.got
 *(.rela.got)

.rel.bss
 *(.rel.bss)

.rela.bss
 *(.rela.bss)

.rel.plt
 *(.rel.plt)

.rela.plt
 *(.rela.plt)

.text           0x00000000     0x1782
 *(.vectors)
 .vectors       0x00000000       0x68 C:/Program Files (x86)/Atmel/Studio/7.0/Packs/atmel/ATmega_DFP/1.1.130/gcc/dev/atmega328p/avr5/crtatmega328p.o
                0x00000000                __vector_default
                0x00000000                __vectors
 *(.vectors)
 *(.progmem.gcc*)
                0x00000068                . = ALIGN (0x2)
                0x00000068                __trampolines_start = .
 *(.trampolines)
 .trampolines   0x00000068        0x0 linker stubs
 *(.trampolines*)
                0x00000068                __trampolines_end = .
 *libprintf_flt.a:*(.progmem.data)
 *libc.a:*(.progmem.data)
 *(.progmem*)
 .progmem.data._ZZN8NRF24L017setModeEbE3__c_2
                0x00000068       0x19 NRF24L01.o
 .progmem.data._ZZN8NRF24L017setModeEbE3__c_1
                0x00000081       0x36 NRF24L01.o
 .progmem.data._ZZN8NRF24L017setModeEbE3__c_0
                0x000000b7       0x26 NRF24L01.o
 .progmem.data._ZZN8NRF24L017setModeEbE3__c
                0x000000dd       0x25 NRF24L01.o
 .progmem.data._ZZN8NRF24L0110initializeEvE3__c_0
                0x00000102       0x23 NRF24L01.o
 .progmem.data._ZZN8NRF24L0110initializeEvE3__c
                0x00000125       0x23 NRF24L01.o
 .progmem.data._ZZ4mainE3__c_0
                0x00000148        0x5 main.o
 .progmem.data._ZZ4mainE3__c
                0x0000014d        0xf main.o
                0x0000015c                . = ALIGN (0x2)
 *(.jumptables)
 *(.jumptables*)
 *(.lowtext)
 *(.lowtext*)
                0x0000015c                __ctors_start = .
 *(.ctors)
                0x0000015c                __ctors_end = .
                0x0000015c                __dtors_start = .
 *(.dtors)
                0x0000015c                __dtors_end = .
 SORT(*)(.ctors)
 SORT(*)(.dtors)
 *(.init0)
 .init0         0x0000015c        0x0 C:/Program Files (x86)/Atmel/Studio/7.0/Packs/atmel/ATmega_DFP/1.1.130/gcc/dev/atmega328p/avr5/crtatmega328p.o
                0x0000015c                __init
 *(.init0)
 *(.init1)
 *(.init1)
 *(.init2)
 .init2         0x0000015c        0xc C:/Program Files (x86)/Atmel/Studio/7.0/Packs/atmel/ATmega_DFP/1.1.130/gcc/dev/atmega328p/avr5/crtatmega328p.o
 *(.init2)
 *(.init3)
 *(.init3)
 *(.init4)
 .init4         0x00000168       0x16 c:/program files (x86)/atmel/studio/7.0/toolchain/avr8/avr8-gnu-toolchain/bin/../lib/gcc/avr/4.9.2/avr5\libgcc.a(_copy_data.o)
                0x00000168                __do_copy_data
 .init4         0x0000017e       0x10 c:/program files (x86)/atmel/studio/7.0/toolchain/avr8/avr8-gnu-toolchain/bin/../lib/gcc/avr/4.9.2/avr5\libgcc.a(_clear_bss.o)
                0x0000017e                __do_clear_bss
 *(.init4)
 *(.init5)
 *(.init5)
 *(.init6)
 *(.init6)
 *(.init7)
 *(.init7)
 *(.init8)
 *(.init8)
 *(.init9)
 .init9         0x0000018e        0x8 C:/Program Files (x86)/Atmel/Studio/7.0/Packs/atmel/ATmega_DFP/1.1.130/gcc/dev/atmega328p/avr5/crtatmega328p.o
 *(.init9)
 *(.text)
 .text          0x00000196        0x4 C:/Program Files (x86)/Atmel/Studio/7.0/Packs/atmel/ATmega_DFP/1.1.130/gcc/dev/atmega328p/avr5/crtatmega328p.o
                0x00000196                __vector_22
                0x00000196                __vector_24
                0x00000196                __vector_12
                0x00000196                __bad_interrupt
                0x00000196                __vector_23
                0x00000196                __vector_25
                0x00000196                __vector_13
                0x00000196                __vector_19
                0x00000196                __vector_7
                0x00000196                __vector_9
                0x00000196                __vector_21
                0x00000196                __vector_15
                0x00000196                __vector_8
                0x00000196                __vector_14
                0x00000196                __vector_10
                0x00000196                __vector_16
                0x00000196                __vector_18
                0x00000196                __vector_20
                0x0000019a                . = ALIGN (0x2)
 *(.text.*)
 .text._Z6wakeUpv
                0x0000019a        0x6 ATmega328P.o
                0x0000019a                _Z6wakeUpv
 .text._Z10allowSleepb
                0x000001a0        0x6 ATmega328P.o
                0x000001a0                _Z10allowSleepb
 .text._Z14SPI_MasterInitv
                0x000001a6       0x12 ATmega328P.o
                0x000001a6                _Z14SPI_MasterInitv
 .text._Z12initSPISlavev
                0x000001b8       0x16 ATmega328P.o
                0x000001b8                _Z12initSPISlavev
 .text._Z9enableSPIb
                0x000001ce       0x14 ATmega328P.o
                0x000001ce                _Z9enableSPIb
 .text._Z18enableSPIInterruptb
                0x000001e2       0x14 ATmega328P.o
                0x000001e2                _Z18enableSPIInterruptb
 .text._Z18SPI_MasterTransmitc
                0x000001f6        0xc ATmega328P.o
                0x000001f6                _Z18SPI_MasterTransmitc
 .text._Z11Init_CTC_T1hj
                0x00000202       0x1e ATmega328P.o
                0x00000202                _Z11Init_CTC_T1hj
 .text._Z11setPinStatehhb
                0x00000220       0xa2 ATmega328P.o
                0x00000220                _Z11setPinStatehhb
 .text._Z15setPinDirectionhhb
                0x000002c2       0xa2 ATmega328P.o
                0x000002c2                _Z15setPinDirectionhhb
 .text._Z11getPinStatehh
                0x00000364       0x46 ATmega328P.o
                0x00000364                _Z11getPinStatehh
 .text._Z10USART_Initj
                0x000003aa       0x16 ATmega328P.o
                0x000003aa                _Z10USART_Initj
 .text._Z14USART_Transmith
                0x000003c0       0x10 ATmega328P.o
                0x000003c0                _Z14USART_Transmith
 .text._Z13milliHappenedv
                0x000003d0       0x66 ATmega328P.o
                0x000003d0                _Z13milliHappenedv
 .text.__vector_6
                0x00000436       0x1e ATmega328P.o
                0x00000436                __vector_6
 .text._Z10numToArrayy
                0x00000454       0x20 Essential.o
                0x00000454                _Z10numToArrayy
 .text._Z10hexToASCIIh
                0x00000474        0xc Essential.o
                0x00000474                _Z10hexToASCIIh
 .text._Z11hexToStringh
                0x00000480       0x30 Essential.o
                0x00000480                _Z11hexToStringh
 .text._Z11printNumbery
                0x000004b0      0x138 Essential.o
                0x000004b0                _Z11printNumbery
 .text._Z6NotifyPKc
                0x000005e8       0x32 Essential.o
                0x000005e8                _Z6NotifyPKc
 .text._Z15printStringCRNLPKc
                0x0000061a       0x2a Essential.o
                0x0000061a                _Z15printStringCRNLPKc
 .text._Z11printStringPKc
                0x00000644       0x1e Essential.o
                0x00000644                _Z11printStringPKc
 .text._Z16hexArrayToStringPhh
                0x00000662       0x62 Essential.o
                0x00000662                _Z16hexArrayToStringPhh
 .text._Z14printHexNumberyh
                0x000006c4       0x14 Essential.o
                0x000006c4                _Z14printHexNumberyh
 .text._ZN8NRF24L0114toggleActivateEv
                0x000006d8       0x12 NRF24L01.o
                0x000006d8                _ZN8NRF24L0114toggleActivateEv
 .text._ZN8NRF24L0114sendSPICommandEh
                0x000006ea        0xc NRF24L01.o
                0x000006ea                _ZN8NRF24L0114sendSPICommandEh
 .text._ZN8NRF24L0115readSPIRegisterEhh
                0x000006f6       0xa8 NRF24L01.o
                0x000006f6                _ZN8NRF24L0115readSPIRegisterEhh
 .text._ZN8NRF24L018isRXFullEv
                0x0000079e        0xe NRF24L01.o
                0x0000079e                _ZN8NRF24L018isRXFullEv
 .text._ZN8NRF24L019isRXEmptyEv
                0x000007ac        0xe NRF24L01.o
                0x000007ac                _ZN8NRF24L019isRXEmptyEv
 .text._ZN8NRF24L0116writeSPIRegisterEhyh
                0x000007ba       0x7e NRF24L01.o
                0x000007ba                _ZN8NRF24L0116writeSPIRegisterEhyh
 .text._ZN8NRF24L017powerONEb
                0x00000838       0x4c NRF24L01.o
                0x00000838                _ZN8NRF24L017powerONEb
 .text._ZN8NRF24L017setModeEb
                0x00000884       0xb8 NRF24L01.o
                0x00000884                _ZN8NRF24L017setModeEb
 .text._ZN8NRF24L0120enableACKWithPayloadEb
                0x0000093c       0x4c NRF24L01.o
                0x0000093c                _ZN8NRF24L0120enableACKWithPayloadEb
 .text._ZN8NRF24L0126enableDynamicPayloadLengthEb
                0x00000988       0x4e NRF24L01.o
                0x00000988                _ZN8NRF24L0126enableDynamicPayloadLengthEb
 .text._ZN8NRF24L0118enableDPLForRXPipeEhb
                0x000009d6       0x7c NRF24L01.o
                0x000009d6                _ZN8NRF24L0118enableDPLForRXPipeEhb
 .text._ZN8NRF24L0113setRFDataRateEb
                0x00000a52       0x50 NRF24L01.o
                0x00000a52                _ZN8NRF24L0113setRFDataRateEb
 .text._ZN8NRF24L0118setTransmitAddressEy
                0x00000aa2       0x34 NRF24L01.o
                0x00000aa2                _ZN8NRF24L0118setTransmitAddressEy
 .text._ZN8NRF24L0118setReceive0AddressEy
                0x00000ad6       0x34 NRF24L01.o
                0x00000ad6                _ZN8NRF24L0118setReceive0AddressEy
 .text._ZN8NRF24L0110initializeEv
                0x00000b0a       0xea NRF24L01.o
                0x00000b0a                _ZN8NRF24L0110initializeEv
 .text._ZN8NRF24L01C2Ehhb
                0x00000bf4       0x24 NRF24L01.o
                0x00000bf4                _ZN8NRF24L01C2Ehhb
                0x00000bf4                _ZN8NRF24L01C1Ehhb
 .text._ZN8NRF24L017flushRXEv
                0x00000c18        0x8 NRF24L01.o
                0x00000c18                _ZN8NRF24L017flushRXEv
 .text._ZN8NRF24L018readFIFOEPVh
                0x00000c20       0x8c NRF24L01.o
                0x00000c20                _ZN8NRF24L018readFIFOEPVh
 .text._ZN11SwitchClass9doNothingEh
                0x00000cac        0x2 Switch.o
                0x00000cac                _ZN11SwitchClass9doNothingEh
 .text._ZN11SwitchClass5beginEv
                0x00000cae       0x12 Switch.o
                0x00000cae                _ZN11SwitchClass5beginEv
 .text._ZN11SwitchClass20callOnPinStateChangeEPFvhE
                0x00000cc0        0xa Switch.o
                0x00000cc0                _ZN11SwitchClass20callOnPinStateChangeEPFvhE
 .text._ZN11SwitchClass18doubleWaitCompleteEv
                0x00000cca       0x5a Switch.o
                0x00000cca                _ZN11SwitchClass18doubleWaitCompleteEv
 .text._ZN11SwitchClass17callAllDoubleWaitEh
                0x00000d24       0x42 Switch.o
                0x00000d24                _ZN11SwitchClass17callAllDoubleWaitEh
 .text._ZN11SwitchClass16updatePinBuffersEv
                0x00000d66       0x12 Switch.o
                0x00000d66                _ZN11SwitchClass16updatePinBuffersEv
 .text._ZN11SwitchClass10pollSwitchEv
                0x00000d78       0x48 Switch.o
                0x00000d78                _ZN11SwitchClass10pollSwitchEv
 .text._ZN11SwitchClass18processStateChangeEv
                0x00000dc0      0x10e Switch.o
                0x00000dc0                _ZN11SwitchClass18processStateChangeEv
 .text._ZN11SwitchClass25callAllProcessStateChangeEv
                0x00000ece       0x32 Switch.o
                0x00000ece                _ZN11SwitchClass25callAllProcessStateChangeEv
 .text._ZN11SwitchClass16longWaitCompleteEv
                0x00000f00       0xe8 Switch.o
                0x00000f00                _ZN11SwitchClass16longWaitCompleteEv
 .text._ZN11SwitchClass20callAllOjectLongWaitEh
                0x00000fe8       0x42 Switch.o
                0x00000fe8                _ZN11SwitchClass20callAllOjectLongWaitEh
 .text.__vector_1
                0x0000102a       0x62 Switch.o
                0x0000102a                __vector_1
 .text.__vector_2
                0x0000108c       0x52 Switch.o
                0x0000108c                __vector_2
 .text.__vector_3
                0x000010de       0x62 Switch.o
                0x000010de                __vector_3
 .text.__vector_4
                0x00001140       0x62 Switch.o
                0x00001140                __vector_4
 .text.__vector_5
                0x000011a2       0x62 Switch.o
                0x000011a2                __vector_5
 .text._ZN10TimerClass5beginEv
                0x00001204       0x10 Timer.o
                0x00001204                _ZN10TimerClass5beginEv
 .text._ZN10TimerClass15initializeTimerEv
                0x00001214       0x22 Timer.o
                0x00001214                _ZN10TimerClass15initializeTimerEv
 .text._ZN10TimerClass15setCallBackTimeEjhPFvhE
                0x00001236       0x1c Timer.o
                0x00001236                _ZN10TimerClass15setCallBackTimeEjhPFvhE
 .text._ZN10TimerClass18resetCallbackTimerEv
                0x00001252        0xa Timer.o
                0x00001252                _ZN10TimerClass18resetCallbackTimerEv
 .text._ZN10TimerClass15getCallBackTimeEv
                0x0000125c       0x10 Timer.o
                0x0000125c                _ZN10TimerClass15getCallBackTimeEv
 .text._ZN10TimerClass7setTimeEj
                0x0000126c       0x16 Timer.o
                0x0000126c                _ZN10TimerClass7setTimeEj
 .text._ZN10TimerClass7getTimeEv
                0x00001282       0x10 Timer.o
                0x00001282                _ZN10TimerClass7getTimeEv
 .text._ZN10TimerClass10resetTimerEv
                0x00001292        0xa Timer.o
                0x00001292                _ZN10TimerClass10resetTimerEv
 .text._ZN10TimerClass11milliPassedEv
                0x0000129c       0x64 Timer.o
                0x0000129c                _ZN10TimerClass11milliPassedEv
 .text._ZN10TimerClass19callAllTimerObjectsEv
                0x00001300       0x32 Timer.o
                0x00001300                _ZN10TimerClass19callAllTimerObjectsEv
 .text.__vector_11
                0x00001332       0x92 Timer.o
                0x00001332                __vector_11
 .text._Z14printSomethingh
                0x000013c4        0x8 main.o
                0x000013c4                _Z14printSomethingh
 .text._Z15portStateChangeh
                0x000013cc       0x26 main.o
                0x000013cc                _Z15portStateChangeh
 .text._Z8runSetupv
                0x000013f2       0x86 main.o
                0x000013f2                _Z8runSetupv
 .text.main     0x00001478      0x174 main.o
                0x00001478                main
 .text.__vector_17
                0x000015ec       0x24 main.o
                0x000015ec                __vector_17
 .text.libgcc.div
                0x00001610       0x1c c:/program files (x86)/atmel/studio/7.0/toolchain/avr8/avr8-gnu-toolchain/bin/../lib/gcc/avr/4.9.2/avr5\libgcc.a(_udivdi3.o)
                0x00001610                __umoddi3
                0x00001614                __udivdi3
                0x00001616                __udivdi3_umoddi3
 .text.libgcc.div
                0x0000162c       0xa2 c:/program files (x86)/atmel/studio/7.0/toolchain/avr8/avr8-gnu-toolchain/bin/../lib/gcc/avr/4.9.2/avr5\libgcc.a(_udivmod64.o)
                0x0000162c                __udivmod64
 .text.libgcc.builtins
                0x000016ce       0x32 c:/program files (x86)/atmel/studio/7.0/toolchain/avr8/avr8-gnu-toolchain/bin/../lib/gcc/avr/4.9.2/avr5\libgcc.a(_ashldi3.o)
                0x000016ce                __ashldi3
 .text.libgcc.builtins
                0x00001700       0x3c c:/program files (x86)/atmel/studio/7.0/toolchain/avr8/avr8-gnu-toolchain/bin/../lib/gcc/avr/4.9.2/avr5\libgcc.a(_ashrdi3.o)
                0x00001700                __ashrdi3
                0x00001704                __lshrdi3
 .text.libgcc   0x0000173c       0x18 c:/program files (x86)/atmel/studio/7.0/toolchain/avr8/avr8-gnu-toolchain/bin/../lib/gcc/avr/4.9.2/avr5\libgcc.a(_adddi3_s8.o)
                0x0000173c                __adddi3_s8
 .text.libgcc   0x00001754       0x12 c:/program files (x86)/atmel/studio/7.0/toolchain/avr8/avr8-gnu-toolchain/bin/../lib/gcc/avr/4.9.2/avr5\libgcc.a(_cmpdi2.o)
                0x00001754                __cmpdi2
 .text.libgcc   0x00001766       0x18 c:/program files (x86)/atmel/studio/7.0/toolchain/avr8/avr8-gnu-toolchain/bin/../lib/gcc/avr/4.9.2/avr5\libgcc.a(_cmpdi2_s8.o)
                0x00001766                __cmpdi2_s8
                0x0000177e                . = ALIGN (0x2)
 *(.fini9)
 .fini9         0x0000177e        0x0 c:/program files (x86)/atmel/studio/7.0/toolchain/avr8/avr8-gnu-toolchain/bin/../lib/gcc/avr/4.9.2/avr5\libgcc.a(_exit.o)
                0x0000177e                _exit
                0x0000177e                exit
 *(.fini9)
 *(.fini8)
 *(.fini8)
 *(.fini7)
 *(.fini7)
 *(.fini6)
 *(.fini6)
 *(.fini5)
 *(.fini5)
 *(.fini4)
 *(.fini4)
 *(.fini3)
 *(.fini3)
 *(.fini2)
 *(.fini2)
 *(.fini1)
 *(.fini1)
 *(.fini0)
 .fini0         0x0000177e        0x4 c:/program files (x86)/atmel/studio/7.0/toolchain/avr8/avr8-gnu-toolchain/bin/../lib/gcc/avr/4.9.2/avr5\libgcc.a(_exit.o)
 *(.fini0)
                0x00001782                _etext = .

.data           0x00800100       0x42 load address 0x00001782
                0x00800100                PROVIDE (__data_start, .)
 *(.data)
 *(.data*)
 *(.rodata)
 *(.rodata*)
 .rodata.str1.1
                0x00800100       0x41 main.o
 *(.gnu.linkonce.d*)
                0x00800142                . = ALIGN (0x2)
 *fill*         0x00800141        0x1 
                0x00800142                _edata = .
                0x00800142                PROVIDE (__data_end, .)

.bss            0x00800142       0xc4
                0x00800142                PROVIDE (__bss_start, .)
 *(.bss)
 *(.bss*)
 .bss.AllowSleep
                0x00800142        0x1 ATmega328P.o
                0x00800142                AllowSleep
 .bss.cdown     0x00800143        0x2 ATmega328P.o
                0x00800143                cdown
 .bss.time      0x00800145        0x8 ATmega328P.o
                0x00800145                time
 .bss._ZZ16hexArrayToStringPhhE3str
                0x0080014d       0x40 Essential.o
 .bss._ZZ16hexArrayToStringPhhE1t
                0x0080018d        0x1 Essential.o
 .bss._ZZ10numToArrayyE5array
                0x0080018e        0x8 Essential.o
 .bss._ZZ11hexToStringhE5ascii
                0x00800196        0x5 Essential.o
 .bss._ZZ11hexToStringhE4temp
                0x0080019b        0x1 Essential.o
 .bss._ZN11SwitchClass17PinStateChangePtrE
                0x0080019c        0x2 Switch.o
                0x0080019c                _ZN11SwitchClass17PinStateChangePtrE
 .bss._ZN11SwitchClass16AllShortPressPtrE
                0x0080019e        0x2 Switch.o
                0x0080019e                _ZN11SwitchClass16AllShortPressPtrE
 .bss._ZN11SwitchClass25AllContinuousLongPressPtrE
                0x008001a0        0x2 Switch.o
                0x008001a0                _ZN11SwitchClass25AllContinuousLongPressPtrE
 .bss._ZN11SwitchClass15AllLongPressPtrE
                0x008001a2        0x2 Switch.o
                0x008001a2                _ZN11SwitchClass15AllLongPressPtrE
 .bss._ZN11SwitchClass17AllDoublePressPtrE
                0x008001a4        0x2 Switch.o
                0x008001a4                _ZN11SwitchClass17AllDoublePressPtrE
 .bss._ZN11SwitchClass20AllContinuousLong_ENE
                0x008001a6        0x1 Switch.o
                0x008001a6                _ZN11SwitchClass20AllContinuousLong_ENE
 .bss._ZN11SwitchClass10AllLong_ENE
                0x008001a7        0x1 Switch.o
                0x008001a7                _ZN11SwitchClass10AllLong_ENE
 .bss._ZN11SwitchClass11AllShort_ENE
                0x008001a8        0x1 Switch.o
                0x008001a8                _ZN11SwitchClass11AllShort_ENE
 .bss._ZN11SwitchClass13AllSamePtr_ENE
                0x008001a9        0x1 Switch.o
                0x008001a9                _ZN11SwitchClass13AllSamePtr_ENE
 .bss._ZN11SwitchClass9PinBufferE
                0x008001aa        0x3 Switch.o
                0x008001aa                _ZN11SwitchClass9PinBufferE
 .bss._ZN11SwitchClass11SwitchStateE
                0x008001ad        0x1 Switch.o
                0x008001ad                _ZN11SwitchClass11SwitchStateE
 .bss._ZN11SwitchClass1iE
                0x008001ae        0x1 Switch.o
                0x008001ae                _ZN11SwitchClass1iE
 .bss._ZN11SwitchClass4SptrE
                0x008001af        0xc Switch.o
                0x008001af                _ZN11SwitchClass4SptrE
 .bss._ZN10TimerClass1iE
                0x008001bb        0x1 Timer.o
                0x008001bb                _ZN10TimerClass1iE
 .bss._ZN10TimerClass4TimeE
                0x008001bc        0x8 Timer.o
                0x008001bc                _ZN10TimerClass4TimeE
 .bss._ZN10TimerClass6TimersE
                0x008001c4       0x3c Timer.o
                0x008001c4                _ZN10TimerClass6TimersE
 .bss.Payload   0x00800200        0x1 main.o
                0x00800200                Payload
 .bss.State     0x00800201        0x1 main.o
                0x00800201                State
 .bss.Socket    0x00800202        0x1 main.o
                0x00800202                Socket
 .bss.Timer1_Flag
                0x00800203        0x1 main.o
                0x00800203                Timer1_Flag
 .bss.newSPIData
                0x00800204        0x1 main.o
                0x00800204                newSPIData
 .bss.SPIdata   0x00800205        0x1 main.o
                0x00800205                SPIdata
 *(COMMON)
                0x00800206                PROVIDE (__bss_end, .)
                0x00001782                __data_load_start = LOADADDR (.data)
                0x000017c4                __data_load_end = (__data_load_start + SIZEOF (.data))

.noinit         0x00800206        0x0
                [!provide]                PROVIDE (__noinit_start, .)
 *(.noinit*)
                [!provide]                PROVIDE (__noinit_end, .)
                0x00800206                _end = .
                [!provide]                PROVIDE (__heap_start, .)

.eeprom         0x00810000        0x0
 *(.eeprom*)
                0x00810000                __eeprom_end = .

.fuse
 *(.fuse)
 *(.lfuse)
 *(.hfuse)
 *(.efuse)

.lock
 *(.lock*)

.signature
 *(.signature*)

.user_signatures
 *(.user_signatures*)

.stab
 *(.stab)

.stabstr
 *(.stabstr)

.stab.excl
 *(.stab.excl)

.stab.exclstr
 *(.stab.exclstr)

.stab.index
 *(.stab.index)

.stab.indexstr
 *(.stab.indexstr)

.comment        0x00000000       0x30
 *(.comment)
 .comment       0x00000000       0x30 ATmega328P.o
                                 0x31 (size before relaxing)
 .comment       0x00000030       0x31 Essential.o
 .comment       0x00000030       0x31 NRF24L01.o
 .comment       0x00000030       0x31 Switch.o
 .comment       0x00000030       0x31 Timer.o
 .comment       0x00000030       0x31 main.o

.note.gnu.avr.deviceinfo
                0x00000000       0x40
 .note.gnu.avr.deviceinfo
                0x00000000       0x40 C:/Program Files (x86)/Atmel/Studio/7.0/Packs/atmel/ATmega_DFP/1.1.130/gcc/dev/atmega328p/avr5/crtatmega328p.o

.note.gnu.build-id
 *(.note.gnu.build-id)

.debug
 *(.debug)

.line
 *(.line)

.debug_srcinfo
 *(.debug_srcinfo)

.debug_sfnames
 *(.debug_sfnames)

.debug_aranges  0x00000000      0x568
 *(.debug_aranges)
 .debug_aranges
                0x00000000      0x200 ATmega328P.o
 .debug_aranges
                0x00000200       0x98 Essential.o
 .debug_aranges
                0x00000298      0x118 NRF24L01.o
 .debug_aranges
                0x000003b0       0xf8 Switch.o
 .debug_aranges
                0x000004a8       0x80 Timer.o
 .debug_aranges
                0x00000528       0x40 main.o

.debug_pubnames
 *(.debug_pubnames)

.debug_info     0x00000000     0x6660
 *(.debug_info .gnu.linkonce.wi.*)
 .debug_info    0x00000000      0x5f4 C:/Program Files (x86)/Atmel/Studio/7.0/Packs/atmel/ATmega_DFP/1.1.130/gcc/dev/atmega328p/avr5/crtatmega328p.o
 .debug_info    0x000005f4      0xed7 ATmega328P.o
 .debug_info    0x000014cb      0x941 Essential.o
 .debug_info    0x00001e0c     0x1b6f NRF24L01.o
 .debug_info    0x0000397b     0x1303 Switch.o
 .debug_info    0x00004c7e      0x5d2 Timer.o
 .debug_info    0x00005250     0x1410 main.o

.debug_abbrev   0x00000000     0x1681
 *(.debug_abbrev)
 .debug_abbrev  0x00000000      0x5a2 C:/Program Files (x86)/Atmel/Studio/7.0/Packs/atmel/ATmega_DFP/1.1.130/gcc/dev/atmega328p/avr5/crtatmega328p.o
 .debug_abbrev  0x000005a2      0x33d ATmega328P.o
 .debug_abbrev  0x000008df      0x207 Essential.o
 .debug_abbrev  0x00000ae6      0x32a NRF24L01.o
 .debug_abbrev  0x00000e10      0x320 Switch.o
 .debug_abbrev  0x00001130      0x252 Timer.o
 .debug_abbrev  0x00001382      0x2ff main.o

.debug_line     0x00000000     0x2c03
 *(.debug_line .debug_line.* .debug_line_end)
 .debug_line    0x00000000      0x133 C:/Program Files (x86)/Atmel/Studio/7.0/Packs/atmel/ATmega_DFP/1.1.130/gcc/dev/atmega328p/avr5/crtatmega328p.o
 .debug_line    0x00000133      0xedb ATmega328P.o
 .debug_line    0x0000100e      0x48d Essential.o
 .debug_line    0x0000149b      0x97d NRF24L01.o
 .debug_line    0x00001e18      0x7aa Switch.o
 .debug_line    0x000025c2      0x303 Timer.o
 .debug_line    0x000028c5      0x33e main.o

.debug_frame    0x00000000     0x11ac
 *(.debug_frame)
 .debug_frame   0x00000000      0x428 ATmega328P.o
 .debug_frame   0x00000428      0x2d4 Essential.o
 .debug_frame   0x000006fc      0x544 NRF24L01.o
 .debug_frame   0x00000c40      0x3a0 Switch.o
 .debug_frame   0x00000fe0      0x140 Timer.o
 .debug_frame   0x00001120       0x8c main.o

.debug_str      0x00000000     0x22bb
 *(.debug_str)
 .debug_str     0x00000000      0x208 C:/Program Files (x86)/Atmel/Studio/7.0/Packs/atmel/ATmega_DFP/1.1.130/gcc/dev/atmega328p/avr5/crtatmega328p.o
 .debug_str     0x00000208      0xa45 ATmega328P.o
                                0xa89 (size before relaxing)
 .debug_str     0x00000c4d      0x271 Essential.o
                                0x488 (size before relaxing)
 .debug_str     0x00000ebe      0x6ca NRF24L01.o
                                0x9e3 (size before relaxing)
 .debug_str     0x00001588      0xbf9 Switch.o
                                0xf19 (size before relaxing)
 .debug_str     0x00002181       0x7a Timer.o
                                0x53b (size before relaxing)
 .debug_str     0x000021fb       0xc0 main.o
                               0x1449 (size before relaxing)

.debug_loc      0x00000000     0x3c53
 *(.debug_loc)
 .debug_loc     0x00000000      0xbd7 ATmega328P.o
 .debug_loc     0x00000bd7      0xe31 Essential.o
 .debug_loc     0x00001a08     0x1679 NRF24L01.o
 .debug_loc     0x00003081      0x7f8 Switch.o
 .debug_loc     0x00003879      0x2e8 Timer.o
 .debug_loc     0x00003b61       0xf2 main.o

.debug_macinfo
 *(.debug_macinfo)

.debug_weaknames
 *(.debug_weaknames)

.debug_funcnames
 *(.debug_funcnames)

.debug_typenames
 *(.debug_typenames)

.debug_varnames
 *(.debug_varnames)

.debug_pubtypes
 *(.debug_pubtypes)

.debug_ranges   0x00000000      0x520
 *(.debug_ranges)
 .debug_ranges  0x00000000      0x1f0 ATmega328P.o
 .debug_ranges  0x000001f0       0xa0 Essential.o
 .debug_ranges  0x00000290      0x108 NRF24L01.o
 .debug_ranges  0x00000398       0xe8 Switch.o
 .debug_ranges  0x00000480       0x70 Timer.o
 .debug_ranges  0x000004f0       0x30 main.o

.debug_macro
 *(.debug_macro)
OUTPUT(ATmega328P_Inconard_Main.elf elf32-avr)
LOAD linker stubs
